DARQ pipeline execution
========================================

Started command:
/usr/local/bin/python -u /app/scripts/dat2mri.py --dat /app/webapp/jobs/tutorial_subject_20260819_134031_8cc1c3/input/dat.nii.gz --mri /app/webapp/jobs/tutorial_subject_20260819_134031_8cc1c3/input/mri.nii.gz --seg /app/webapp/jobs/tutorial_subject_20260819_134031_8cc1c3/input/seg.nii.gz --o /app/webapp/jobs/tutorial_subject_20260819_134031_8cc1c3/output --force --device cpu

Return code: 0

STDOUT:
TERM environment variable not set.


# ------------------------- #
# Running Dat2MRI algorithm #
# ------------------------- #


Execution device: cpu
Total sessions to process: N=1

Subject: 0  (1/1)
 * Preprocessing.
 * DaT symmetry and mask.
 * MRI DaT simulation and mask.
 * MRI-DaT registration.
    Optimizer: LBFGS lr=0.1  max_iter=10
    Losses: reg(w=1); reg_label(w=2); reg_uptake(w=0.0); reg_lr(w=0.5); regularizer(w=1)
    ####################
    # Training started #
    ####################


    * Epoch: 0
      Epoch summary: loss_reg: 0.328,w_loss_reg: 0.328,loss_reg_label: 0.001,w_loss_reg_label: 0.003,loss_reg_lr: 0.0,w_loss_reg_lr: 0.0,loss_regularizer: 0.0,w_loss_regularizer: 0.0,loss: 0.331,time_duration (s): 45.942


    * Epoch: 1
      Epoch summary: loss_reg: 0.326,w_loss_reg: 0.326,loss_reg_label: 0.001,w_loss_reg_label: 0.003,loss_reg_lr: 0.001,w_loss_reg_lr: 0.0,loss_regularizer: 0.001,w_loss_regularizer: 0.001,loss: 0.33,time_duration (s): 42.982


    * Epoch: 2
      Epoch summary: loss_reg: 0.32,w_loss_reg: 0.32,loss_reg_label: 0.001,w_loss_reg_label: 0.003,loss_reg_lr: 0.001,w_loss_reg_lr: 0.0,loss_regularizer: 0.002,w_loss_regularizer: 0.002,loss: 0.325,time_duration (s): 27.71


    * Epoch: 3
      Epoch summary: loss_reg: 0.3,w_loss_reg: 0.3,loss_reg_label: 0.004,w_loss_reg_label: 0.007,loss_reg_lr: 0.001,w_loss_reg_lr: 0.0,loss_regularizer: 0.001,w_loss_regularizer: 0.001,loss: 0.309,time_duration (s): 28.513


    * Epoch: 4
      Epoch summary: loss_reg: 0.297,w_loss_reg: 0.297,loss_reg_label: 0.004,w_loss_reg_label: 0.008,loss_reg_lr: 0.001,w_loss_reg_lr: 0.0,loss_regularizer: 0.001,w_loss_regularizer: 0.001,loss: 0.306,time_duration (s): 32.006


    * Epoch: 5
      Epoch summary: loss_reg: 0.297,w_loss_reg: 0.297,loss_reg_label: 0.004,w_loss_reg_label: 0.008,loss_reg_lr: 0.001,w_loss_reg_lr: 0.0,loss_regularizer: 0.001,w_loss_regularizer: 0.001,loss: 0.306,time_duration (s): 33.232


    * Epoch: 6
      Epoch summary: loss_reg: 0.297,w_loss_reg: 0.297,loss_reg_label: 0.004,w_loss_reg_label: 0.008,loss_reg_lr: 0.001,w_loss_reg_lr: 0.0,loss_regularizer: 0.001,w_loss_regularizer: 0.001,loss: 0.306,time_duration (s): 34.694


    * Epoch: 7
      Epoch summary: loss_reg: 0.297,w_loss_reg: 0.297,loss_reg_label: 0.004,w_loss_reg_label: 0.008,loss_reg_lr: 0.001,w_loss_reg_lr: 0.0,loss_regularizer: 0.001,w_loss_regularizer: 0.001,loss: 0.306,time_duration (s): 32.0


    * Epoch: 8
      Epoch summary: loss_reg: 0.297,w_loss_reg: 0.297,loss_reg_label: 0.004,w_loss_reg_label: 0.008,loss_reg_lr: 0.001,w_loss_reg_lr: 0.0,loss_regularizer: 0.001,w_loss_regularizer: 0.001,loss: 0.306,time_duration (s): 20.48


    #####################
    # Training finished #
    #####################


    Final loss: 0.30627195760915277
Done in 653.93s.



Failed subjects: 0 / 1
  (none)

# ---------#
# All DONE #
# ---------#




STDERR:

