DARQ pipeline execution
========================================

Started command:
/usr/local/bin/python -u /app/scripts/dat2mri.py --dat /app/webapp/jobs/tutorial_subject_20260812_121247_f7069c/input/dat.nii.gz --mri /app/webapp/jobs/tutorial_subject_20260812_121247_f7069c/input/mri.nii.gz --seg /app/webapp/jobs/tutorial_subject_20260812_121247_f7069c/input/seg.nii.gz --o /app/webapp/jobs/tutorial_subject_20260812_121247_f7069c/output --force --device cpu

Return code: 0

STDOUT:
TERM environment variable not set.


# ------------------------- #
# Running Dat2MRI algorithm #
# ------------------------- #


Execution device: cpu
Total sessions to process: N=1

Subject: 0  (1/1)
 * Preprocessing.
 * DaT symmetry and mask.
/usr/local/lib/python3.11/site-packages/darq/processing.py:76: FutureWarning: `binary_opening` is deprecated since version 0.26 and will be removed in version 0.28. Use `skimage.morphology.opening` instead.
  mask = binary_opening(mask, ball(3))
/usr/local/lib/python3.11/site-packages/darq/processing.py:341: FutureWarning: `binary_dilation` is deprecated since version 0.26 and will be removed in version 0.28. Use `skimage.morphology.dilation` instead. Note the lack of mirroring for non-symmetric footprints (see docstring notes).
  mask_dilated = binary_dilation(mask_symm, np.ones((10, 10, 10)))
 * MRI DaT simulation and mask.
/usr/local/lib/python3.11/site-packages/darq/src/preprocessing.py:63: FutureWarning: `binary_opening` is deprecated since version 0.26 and will be removed in version 0.28. Use `skimage.morphology.opening` instead.
  image = binary_opening(image, self.struct_fn(data_dict[k]))
 * MRI-DaT registration.
    Optimizer: LBFGS lr=0.1  max_iter=10
    Losses: reg(w=1); reg_label(w=2); reg_uptake(w=0.0); reg_lr(w=0.5); regularizer(w=1)
    ####################
    # Training started #
    ####################


    * Epoch: 0
      Epoch summary: loss_reg: 0.355,w_loss_reg: 0.355,loss_reg_label: 0.001,w_loss_reg_label: 0.002,loss_reg_lr: 0.0,w_loss_reg_lr: 0.0,loss_regularizer: 0.0,w_loss_regularizer: 0.0,loss: 0.357,time_duration (s): 48.963


    * Epoch: 1
      Epoch summary: loss_reg: 0.346,w_loss_reg: 0.346,loss_reg_label: 0.001,w_loss_reg_label: 0.002,loss_reg_lr: 0.001,w_loss_reg_lr: 0.0,loss_regularizer: 0.001,w_loss_regularizer: 0.001,loss: 0.35,time_duration (s): 48.353


    * Epoch: 2
      Epoch summary: loss_reg: 0.342,w_loss_reg: 0.342,loss_reg_label: 0.002,w_loss_reg_label: 0.003,loss_reg_lr: 0.001,w_loss_reg_lr: 0.0,loss_regularizer: 0.001,w_loss_regularizer: 0.001,loss: 0.347,time_duration (s): 39.942


    * Epoch: 3
      Epoch summary: loss_reg: 0.331,w_loss_reg: 0.331,loss_reg_label: 0.002,w_loss_reg_label: 0.004,loss_reg_lr: 0.0,w_loss_reg_lr: 0.0,loss_regularizer: 0.0,w_loss_regularizer: 0.0,loss: 0.336,time_duration (s): 42.333


    * Epoch: 4
      Epoch summary: loss_reg: 0.31,w_loss_reg: 0.31,loss_reg_label: 0.004,w_loss_reg_label: 0.008,loss_reg_lr: 0.0,w_loss_reg_lr: 0.0,loss_regularizer: 0.0,w_loss_regularizer: 0.0,loss: 0.319,time_duration (s): 45.937


    * Epoch: 5
      Epoch summary: loss_reg: 0.309,w_loss_reg: 0.309,loss_reg_label: 0.005,w_loss_reg_label: 0.009,loss_reg_lr: 0.0,w_loss_reg_lr: 0.0,loss_regularizer: 0.0,w_loss_regularizer: 0.0,loss: 0.319,time_duration (s): 41.097


    * Epoch: 6
      Epoch summary: loss_reg: 0.309,w_loss_reg: 0.309,loss_reg_label: 0.005,w_loss_reg_label: 0.009,loss_reg_lr: 0.0,w_loss_reg_lr: 0.0,loss_regularizer: 0.0,w_loss_regularizer: 0.0,loss: 0.319,time_duration (s): 46.037


    * Epoch: 7
      Epoch summary: loss_reg: 0.309,w_loss_reg: 0.309,loss_reg_label: 0.005,w_loss_reg_label: 0.009,loss_reg_lr: 0.0,w_loss_reg_lr: 0.0,loss_regularizer: 0.0,w_loss_regularizer: 0.0,loss: 0.319,time_duration (s): 41.408


    * Epoch: 8
      Epoch summary: loss_reg: 0.309,w_loss_reg: 0.309,loss_reg_label: 0.005,w_loss_reg_label: 0.009,loss_reg_lr: 0.0,w_loss_reg_lr: 0.0,loss_regularizer: 0.0,w_loss_regularizer: 0.0,loss: 0.319,time_duration (s): 48.581


    * Epoch: 9
      Epoch summary: loss_reg: 0.309,w_loss_reg: 0.309,loss_reg_label: 0.005,w_loss_reg_label: 0.009,loss_reg_lr: 0.0,w_loss_reg_lr: 0.0,loss_regularizer: 0.0,w_loss_regularizer: 0.0,loss: 0.319,time_duration (s): 39.783


    #####################
    # Training finished #
    #####################


    Final loss: 0.3186644356876629
Done in 892.63s.



Failed subjects: 0 / 1
  (none)

# ---------#
# All DONE #
# ---------#




STDERR:

